error: Enums with generics are not supported
 --> tests/ui/de-enum-generic.rs:3:10
  |
3 | #[derive(DeserializeFromValue)]
  |          ^^^^^^
  |
  = note: this error originates in the derive macro `Jayson` (in Nightly builds, run with -Z macro-backtrace for more info)
